2026-07-24 23:03:40 [INFO] Starting ReconForge
2026-07-24 23:03:40 [INFO] Starting ReconForge menu.
2026-07-24 23:03:45 [INFO] Selected module: information_gathering
2026-07-24 23:03:45 [INFO] Loading module: information_gathering
2026-07-24 23:03:45 [INFO] [SUCCESS] information_gathering loaded successfully.
2026-07-24 23:03:47 [INFO] Executing WhoisTool
2026-07-24 23:03:47 [INFO] Starting WHOIS Lookup...
2026-07-24 23:03:51 [INFO] Looking up google.com
2026-07-24 23:03:52 [INFO] [SUCCESS] WHOIS Lookup completed in 0:00:05.076963
2026-07-24 23:03:59 [INFO] Executing DNSLookupTool
2026-07-24 23:03:59 [INFO] Starting DNS Lookup...
2026-07-24 23:04:03 [INFO] [SUCCESS] DNS Lookup completed in 0:00:04.645437
2026-07-24 23:04:07 [INFO] Executing ReverseDNSTool
2026-07-24 23:04:07 [INFO] Starting Reverse DNS Lookup...
2026-07-24 23:04:10 [INFO] [SUCCESS] Reverse DNS Lookup completed in 0:00:03.615037
2026-07-24 23:04:28 [INFO] Executing IPInfoTool
2026-07-24 23:04:28 [INFO] Starting IP Information...
2026-07-24 23:04:32 [INFO] [SUCCESS] IP Information completed in 0:00:03.672677
2026-07-24 23:04:40 [INFO] Executing FullReconTool
2026-07-24 23:04:40 [INFO] Starting Full Recon...
2026-07-24 23:04:44 [INFO] Running WHOIS lookup...
2026-07-24 23:04:44 [INFO] Running DNS lookup...
2026-07-24 23:04:44 [INFO] Running Reverse DNS lookup...
2026-07-24 23:04:44 [INFO] Running IP Information lookup...
2026-07-24 23:04:45 [INFO] [SUCCESS] Full Recon completed in 0:00:04.754576
2026-07-24 23:11:06 [INFO] Starting ReconForge
2026-07-24 23:11:06 [INFO] Starting ReconForge menu.
2026-07-24 23:11:07 [INFO] Selected module: information_gathering
2026-07-24 23:11:07 [INFO] Loading module: information_gathering
2026-07-24 23:11:07 [INFO] [SUCCESS] information_gathering loaded successfully.
2026-07-24 23:11:09 [INFO] Executing FullReconTool
2026-07-24 23:11:09 [INFO] Starting Full Recon...
2026-07-24 23:11:13 [INFO] Running WHOIS lookup...
2026-07-24 23:11:14 [INFO] Running DNS lookup...
2026-07-24 23:11:14 [INFO] Running Reverse DNS lookup...
2026-07-24 23:11:14 [INFO] Running IP Information lookup...
2026-07-24 23:11:14 [INFO] [SUCCESS] Full Recon completed in 0:00:05.590290
2026-07-24 23:13:20 [INFO] Starting ReconForge
2026-07-24 23:13:20 [INFO] Starting ReconForge menu.
2026-07-24 23:13:22 [INFO] Selected module: information_gathering
2026-07-24 23:13:22 [INFO] Loading module: information_gathering
2026-07-24 23:13:23 [INFO] [SUCCESS] information_gathering loaded successfully.
2026-07-24 23:13:24 [INFO] Executing FullReconTool
2026-07-24 23:13:24 [INFO] Starting Full Recon...
2026-07-24 23:13:31 [INFO] Running WHOIS lookup...
2026-07-24 23:13:32 [INFO] Running DNS lookup...
2026-07-24 23:13:32 [INFO] Running Reverse DNS lookup...
2026-07-24 23:13:32 [INFO] Running IP Information lookup...
2026-07-24 23:13:32 [INFO] [SUCCESS] Full Recon completed in 0:00:08.639289
2026-07-24 23:14:59 [INFO] Executing FullReconTool
2026-07-24 23:14:59 [INFO] Starting Full Recon...
2026-07-24 23:15:03 [INFO] Running WHOIS lookup...
2026-07-24 23:15:04 [INFO] Running DNS lookup...
2026-07-24 23:15:05 [INFO] Running Reverse DNS lookup...
2026-07-24 23:15:05 [INFO] Running IP Information lookup...
2026-07-24 23:15:05 [INFO] [SUCCESS] Full Recon completed in 0:00:06.071975
2026-07-24 23:15:57 [INFO] Starting ReconForge
2026-07-24 23:15:57 [INFO] Starting ReconForge menu.
2026-07-24 23:15:59 [INFO] Selected module: information_gathering
2026-07-24 23:15:59 [INFO] Loading module: information_gathering
2026-07-24 23:15:59 [INFO] [SUCCESS] information_gathering loaded successfully.
2026-07-24 23:16:00 [INFO] Executing FullReconTool
2026-07-24 23:16:00 [INFO] Starting Full Recon...
2026-07-24 23:16:02 [INFO] Running WHOIS lookup...
2026-07-24 23:16:03 [INFO] Running DNS lookup...
2026-07-24 23:16:03 [INFO] Running Reverse DNS lookup...
2026-07-24 23:16:03 [INFO] Running IP Information lookup...
2026-07-24 23:16:04 [INFO] [SUCCESS] Full Recon completed in 0:00:03.898027
2026-07-24 23:16:15 [INFO] Executing FullReconTool
2026-07-24 23:16:15 [INFO] Starting Full Recon...
2026-07-24 23:16:23 [INFO] Running WHOIS lookup...
2026-07-24 23:16:24 [INFO] Running DNS lookup...
2026-07-24 23:16:25 [INFO] Running Reverse DNS lookup...
2026-07-24 23:16:25 [INFO] Running IP Information lookup...
2026-07-24 23:16:25 [INFO] [SUCCESS] Full Recon completed in 0:00:09.793717
2026-07-24 23:23:03 [INFO] Starting ReconForge
2026-07-24 23:23:03 [INFO] Starting ReconForge menu.
2026-07-24 23:23:04 [INFO] Selected module: information_gathering
2026-07-24 23:23:04 [INFO] Loading module: information_gathering
2026-07-24 23:23:05 [INFO] [SUCCESS] information_gathering loaded successfully.
2026-07-24 23:23:06 [INFO] Executing FullReconTool
2026-07-24 23:23:06 [INFO] Starting Full Recon...
2026-07-24 23:23:09 [INFO] Running WHOIS lookup...
2026-07-24 23:23:10 [INFO] Running DNS lookup...
2026-07-24 23:23:10 [INFO] Running Reverse DNS lookup...
2026-07-24 23:23:10 [INFO] Running IP Information lookup...
2026-07-24 23:23:10 [ERROR] Failed to execute module 'information_gathering': 'Report' object has no attribute 'report_id'
Traceback (most recent call last):
  File "/home/avi/Desktop/Github/ReconForge/core/runner.py", line 72, in run
    manager.execute()
    ~~~~~~~~~~~~~~~^^
  File "/home/avi/Desktop/Github/ReconForge/modules/information_gathering/manager.py", line 136, in execute
    manager.execute()
    ~~~~~~~~~~~~~~~^^
  File "/home/avi/Desktop/Github/ReconForge/modules/information_gathering/manager.py", line 125, in execute
    self.process_choice(choice)
    ~~~~~~~~~~~~~~~~~~~^^^^^^^^
  File "/home/avi/Desktop/Github/ReconForge/modules/information_gathering/manager.py", line 108, in process_choice
    tool.run()
    ~~~~~~~~^^
  File "/home/avi/Desktop/Github/ReconForge/modules/information_gathering/tools/full_recon.py", line 131, in run
    report.export_json()
    ~~~~~~~~~~~~~~~~~~^^
  File "/home/avi/Desktop/Github/ReconForge/core/report.py", line 190, in export_json
    "report_id": self.report_id,
                 ^^^^^^^^^^^^^^
AttributeError: 'Report' object has no attribute 'report_id'
2026-07-24 23:23:10 [ERROR] Module execution failed.
2026-07-24 23:25:05 [INFO] Starting ReconForge
2026-07-24 23:25:05 [INFO] Starting ReconForge menu.
2026-07-24 23:25:06 [INFO] Selected module: information_gathering
2026-07-24 23:25:06 [INFO] Loading module: information_gathering
2026-07-24 23:25:06 [INFO] [SUCCESS] information_gathering loaded successfully.
2026-07-24 23:25:07 [INFO] Executing FullReconTool
2026-07-24 23:25:07 [INFO] Starting Full Recon...
2026-07-24 23:25:11 [INFO] Running WHOIS lookup...
2026-07-24 23:25:13 [INFO] Running DNS lookup...
2026-07-24 23:25:13 [INFO] Running Reverse DNS lookup...
2026-07-24 23:25:13 [INFO] Running IP Information lookup...
2026-07-24 23:25:13 [INFO] [SUCCESS] Full Recon completed in 0:00:06.348288
2026-07-24 23:25:30 [INFO] Executing FullReconTool
2026-07-24 23:25:30 [INFO] Starting Full Recon...
2026-07-24 23:25:33 [INFO] Running WHOIS lookup...
2026-07-24 23:25:34 [INFO] Running DNS lookup...
2026-07-24 23:25:34 [INFO] Running Reverse DNS lookup...
2026-07-24 23:25:34 [INFO] Running IP Information lookup...
2026-07-24 23:25:34 [INFO] [SUCCESS] Full Recon completed in 0:00:04.785387
2026-07-24 23:26:09 [INFO] Executing FullReconTool
2026-07-24 23:26:09 [INFO] Starting Full Recon...
2026-07-24 23:26:13 [INFO] Running WHOIS lookup...
2026-07-24 23:26:14 [INFO] Running DNS lookup...
2026-07-24 23:26:14 [INFO] Running Reverse DNS lookup...
2026-07-24 23:26:14 [INFO] Running IP Information lookup...
2026-07-24 23:26:14 [INFO] [SUCCESS] Full Recon completed in 0:00:05.076596
2026-07-24 23:26:19 [INFO] Executing FullReconTool
2026-07-24 23:26:19 [INFO] Starting Full Recon...
2026-07-24 23:26:22 [INFO] Running WHOIS lookup...
2026-07-24 23:26:23 [INFO] Running DNS lookup...
2026-07-24 23:26:24 [INFO] Running Reverse DNS lookup...
2026-07-24 23:26:24 [INFO] Running IP Information lookup...
2026-07-24 23:26:24 [INFO] [SUCCESS] Full Recon completed in 0:00:04.930873
2026-07-24 23:28:53 [INFO] Starting ReconForge
2026-07-24 23:28:53 [INFO] Starting ReconForge menu.
2026-07-24 23:28:54 [INFO] Selected module: information_gathering
2026-07-24 23:28:54 [INFO] Loading module: information_gathering
2026-07-24 23:28:54 [INFO] [SUCCESS] information_gathering loaded successfully.
2026-07-24 23:28:54 [INFO] Executing FullReconTool
2026-07-24 23:28:54 [INFO] Starting Full Recon...
2026-07-24 23:29:05 [INFO] Running WHOIS lookup...
2026-07-24 23:29:06 [INFO] Running DNS lookup...
2026-07-24 23:29:06 [INFO] Running Reverse DNS lookup...
2026-07-24 23:29:06 [INFO] Running IP Information lookup...
2026-07-24 23:29:07 [INFO] [SUCCESS] Full Recon completed in 0:00:12.108742
2026-07-24 23:29:09 [INFO] Executing FullReconTool
2026-07-24 23:29:09 [INFO] Starting Full Recon...
2026-07-24 23:29:12 [INFO] Running WHOIS lookup...
2026-07-24 23:29:12 [INFO] Running DNS lookup...
2026-07-24 23:29:13 [INFO] Running Reverse DNS lookup...
2026-07-24 23:29:13 [INFO] Running IP Information lookup...
2026-07-24 23:29:13 [INFO] [SUCCESS] Full Recon completed in 0:00:03.858383
2026-07-24 23:29:29 [INFO] Executing FullReconTool
2026-07-24 23:29:29 [INFO] Starting Full Recon...
2026-07-24 23:29:32 [INFO] Running WHOIS lookup...
2026-07-24 23:29:43 [INFO] Running DNS lookup...
2026-07-24 23:29:43 [INFO] Running Reverse DNS lookup...
2026-07-24 23:29:43 [INFO] Running IP Information lookup...
2026-07-24 23:29:43 [INFO] [SUCCESS] Full Recon completed in 0:00:14.025414
2026-07-24 23:56:33 [INFO] Starting ReconForge
2026-07-24 23:56:33 [INFO] Starting ReconForge menu.
2026-07-24 23:56:34 [INFO] Selected module: information_gathering
2026-07-24 23:56:34 [INFO] Loading module: information_gathering
2026-07-24 23:56:35 [INFO] [SUCCESS] information_gathering loaded successfully.
2026-07-24 23:56:39 [INFO] Executing SubdomainEnumerationTool
2026-07-24 23:56:39 [INFO] Starting Subdomain Enumeration...
2026-07-24 23:56:46 [INFO] Searching crt.sh for google.com
2026-07-24 23:56:47 [INFO] [SUCCESS] Subdomain Enumeration completed in 0:00:08.390382
2026-07-24 23:57:11 [INFO] Executing SubdomainEnumerationTool
2026-07-24 23:57:11 [INFO] Starting Subdomain Enumeration...
2026-07-24 23:57:14 [INFO] Searching crt.sh for craw.in
2026-07-24 23:57:24 [INFO] [SUCCESS] Subdomain Enumeration completed in 0:00:13.666177
2026-07-25 00:00:04 [INFO] Starting ReconForge
2026-07-25 00:00:04 [INFO] Starting ReconForge menu.
2026-07-25 00:00:06 [INFO] Selected module: information_gathering
2026-07-25 00:00:06 [INFO] Loading module: information_gathering
2026-07-25 00:00:06 [INFO] [SUCCESS] information_gathering loaded successfully.
2026-07-25 00:00:06 [INFO] Executing SubdomainEnumerationTool
2026-07-25 00:00:06 [INFO] Starting Subdomain Enumeration...
2026-07-25 00:00:11 [INFO] Searching crt.sh for craw.in
2026-07-25 00:00:31 [INFO] [SUCCESS] Subdomain Enumeration completed in 0:00:24.918209
2026-07-25 00:00:40 [INFO] Executing SubdomainEnumerationTool
2026-07-25 00:00:40 [INFO] Starting Subdomain Enumeration...
2026-07-25 00:00:43 [INFO] Searching crt.sh for google.com
2026-07-25 00:00:44 [INFO] [SUCCESS] Subdomain Enumeration completed in 0:00:03.680272
2026-07-25 18:35:43 [INFO] Starting ReconForge
2026-07-25 18:35:43 [INFO] Starting ReconForge menu.
2026-07-25 18:35:45 [INFO] Selected module: information_gathering
2026-07-25 18:35:45 [INFO] Loading module: information_gathering
2026-07-25 18:35:45 [INFO] [SUCCESS] information_gathering loaded successfully.
2026-07-25 18:35:46 [INFO] Executing SubdomainEnumerationTool
2026-07-25 18:35:46 [INFO] Starting Subdomain Enumeration...
2026-07-25 18:35:51 [INFO] Searching passive sources for google.com
2026-07-25 18:36:11 [WARNING] AlienVault lookup failed for google.com: HTTPSConnectionPool(host='otx.alienvault.com', port=443): Read timed out. (read timeout=20)
2026-07-25 18:36:11 [WARNING] BufferOver lookup failed for google.com: HTTPSConnectionPool(host='dns.bufferover.run', port=443): Max retries exceeded with url: /dns?q=.google.com (Caused by NameResolutionError("HTTPSConnection(host='dns.bufferover.run', port=443): Failed to resolve 'dns.bufferover.run' ([Errno -2] Name or service not known)"))
2026-07-25 18:36:12 [INFO] [SUCCESS] Subdomain Enumeration completed in 0:00:26.038375
2026-07-25 18:40:21 [INFO] Starting ReconForge
2026-07-25 18:40:21 [INFO] Starting ReconForge menu.
2026-07-25 18:40:23 [INFO] Selected module: information_gathering
2026-07-25 18:40:23 [INFO] Loading module: information_gathering
2026-07-25 18:40:23 [INFO] [SUCCESS] information_gathering loaded successfully.
2026-07-25 18:40:23 [INFO] Executing SubdomainEnumerationTool
2026-07-25 18:40:23 [INFO] Starting Subdomain Enumeration...
2026-07-25 18:40:34 [INFO] Starting ReconForge
2026-07-25 18:40:34 [INFO] Starting ReconForge menu.
2026-07-25 18:40:39 [INFO] Selected module: information_gathering
2026-07-25 18:40:39 [INFO] Loading module: information_gathering
2026-07-25 18:40:39 [INFO] [SUCCESS] information_gathering loaded successfully.
2026-07-25 18:40:42 [INFO] Executing FullReconTool
2026-07-25 18:40:42 [INFO] Starting Full Recon...
2026-07-25 18:41:09 [INFO] Running WHOIS lookup...
2026-07-25 18:41:11 [INFO] Running DNS lookup...
2026-07-25 18:41:11 [INFO] Running Reverse DNS lookup...
2026-07-25 18:41:11 [INFO] Running IP Information lookup...
2026-07-25 18:41:12 [INFO] [SUCCESS] Full Recon completed in 0:00:29.818293
2026-07-25 18:44:45 [INFO] [SUCCESS] Module execution completed.
2026-07-25 18:44:47 [INFO] Exiting ReconForge...
2026-07-25 18:44:47 [INFO] ReconForge terminated
2026-07-25 18:44:50 [INFO] Starting ReconForge
2026-07-25 18:44:50 [INFO] Starting ReconForge menu.
2026-07-25 18:44:52 [INFO] Selected module: information_gathering
2026-07-25 18:44:52 [INFO] Loading module: information_gathering
2026-07-25 18:44:52 [INFO] [SUCCESS] information_gathering loaded successfully.
2026-07-25 18:44:59 [INFO] Executing FullReconTool
2026-07-25 18:44:59 [INFO] Starting Full Recon...
2026-07-25 18:45:04 [INFO] Running WHOIS lookup...
2026-07-25 18:45:07 [INFO] Running DNS lookup...
2026-07-25 18:45:07 [INFO] Running Reverse DNS lookup...
2026-07-25 18:45:07 [INFO] Running IP Information lookup...
2026-07-25 18:45:07 [INFO] [SUCCESS] Full Recon completed in 0:00:08.165071
